[debug] [2026-09-20T04:56:34.296Z] ----------------------------------------------------------------------
[debug] [2026-09-20T04:56:34.297Z] Command:       /Users/kushal/.local/share/fnm/node-versions/v22.23.2/installation/bin/node /Users/kushal/.npm/_npx/7750544ccf494d8b/node_modules/.bin/firebase deploy --only firestore:rules --project rant-and-heal
[debug] [2026-09-20T04:56:34.297Z] CLI Version:   15.30.2
[debug] [2026-09-20T04:56:34.297Z] Platform:      darwin
[debug] [2026-09-20T04:56:34.297Z] Node Version:  v22.23.2
[debug] [2026-09-20T04:56:34.297Z] Detected Agent: codex_cli
[debug] [2026-09-20T04:56:34.298Z] Time:          Sat Sep 19 2026 23:56:34 GMT-0500 (Central Daylight Time)
[debug] [2026-09-20T04:56:34.298Z] ----------------------------------------------------------------------
[debug] 
[debug] [2026-09-20T04:56:34.302Z] >>> [apiv2][query] GET https://firebase-public.firebaseio.com/cli.json [none]
[debug] [2026-09-20T04:56:34.808Z] > command requires scopes: ["email","openid","https://www.googleapis.com/auth/cloudplatformprojects.readonly","https://www.googleapis.com/auth/firebase","https://www.googleapis.com/auth/cloud-platform"]
[debug] [2026-09-20T04:56:34.809Z] > authorizing via signed-in user (kusdon456@gmail.com)
[debug] [2026-09-20T04:56:34.809Z] [iam] checking project rant-and-heal for permissions ["datastore.indexes.create","datastore.indexes.delete","datastore.indexes.list","datastore.indexes.update","firebase.projects.get"]
[debug] [2026-09-20T04:56:34.809Z] Checked if tokens are valid: false, expires at: 1789709758162
[debug] [2026-09-20T04:56:34.809Z] Checked if tokens are valid: false, expires at: 1789709758162
[debug] [2026-09-20T04:56:34.809Z] > refreshing access token with scopes: []
[debug] [2026-09-20T04:56:34.810Z] >>> [apiv2][query] POST https://www.googleapis.com/oauth2/v3/token [none]
[debug] [2026-09-20T04:56:34.810Z] >>> [apiv2][body] POST https://www.googleapis.com/oauth2/v3/token [omitted]
[debug] [2026-09-20T04:56:34.912Z] <<< [apiv2][status] POST https://www.googleapis.com/oauth2/v3/token 200
[debug] [2026-09-20T04:56:34.912Z] <<< [apiv2][body] POST https://www.googleapis.com/oauth2/v3/token [omitted]
[debug] [2026-09-20T04:56:34.921Z] >>> [apiv2][query] POST https://cloudresourcemanager.googleapis.com/v1/projects/rant-and-heal:testIamPermissions [none]
[debug] [2026-09-20T04:56:34.921Z] >>> [apiv2][(partial)header] POST https://cloudresourcemanager.googleapis.com/v1/projects/rant-and-heal:testIamPermissions  x-goog-user-project=rant-and-heal
[debug] [2026-09-20T04:56:34.921Z] >>> [apiv2][body] POST https://cloudresourcemanager.googleapis.com/v1/projects/rant-and-heal:testIamPermissions {"permissions":["datastore.indexes.create","datastore.indexes.delete","datastore.indexes.list","datastore.indexes.update","firebase.projects.get"]}
[debug] [2026-09-20T04:56:34.968Z] <<< [apiv2][status] GET https://firebase-public.firebaseio.com/cli.json 200
[debug] [2026-09-20T04:56:34.968Z] <<< [apiv2][body] GET https://firebase-public.firebaseio.com/cli.json {"cloudBuildErrorAfter":1594252800000,"cloudBuildWarnAfter":1590019200000,"defaultNode10After":1594252800000,"minVersion":"3.0.5","node8DeploysDisabledAfter":1613390400000,"node8RuntimeDisabledAfter":1615809600000,"node8WarnAfter":1600128000000}
[debug] [2026-09-20T04:56:35.109Z] <<< [apiv2][status] POST https://cloudresourcemanager.googleapis.com/v1/projects/rant-and-heal:testIamPermissions 200
[debug] [2026-09-20T04:56:35.109Z] <<< [apiv2][body] POST https://cloudresourcemanager.googleapis.com/v1/projects/rant-and-heal:testIamPermissions {"permissions":["datastore.indexes.create","datastore.indexes.delete","datastore.indexes.list","datastore.indexes.update","firebase.projects.get"]}
[info] 
[info] === Deploying to 'rant-and-heal'...
[info] 
[info] i  deploying firestore 
[info] i  firestore: ensuring required API firestore.googleapis.com is enabled... 
[info] i  firestore: ensuring required API firestore.googleapis.com is enabled... 
[debug] [2026-09-20T04:56:35.112Z] Checked if tokens are valid: true, expires at: 1789883793912
[debug] [2026-09-20T04:56:35.112Z] Checked if tokens are valid: true, expires at: 1789883793912
[debug] [2026-09-20T04:56:35.112Z] >>> [apiv2][query] GET https://firestore.googleapis.com/v1/projects/rant-and-heal/databases/(default) [none]
[debug] [2026-09-20T04:56:35.321Z] <<< [apiv2][status] GET https://firestore.googleapis.com/v1/projects/rant-and-heal/databases/(default) 200
[debug] [2026-09-20T04:56:35.321Z] <<< [apiv2][body] GET https://firestore.googleapis.com/v1/projects/rant-and-heal/databases/(default) {"name":"projects/rant-and-heal/databases/(default)","uid":"f4e416b2-0872-462d-94aa-9393ba001408","createTime":"2026-04-28T00:50:37.294108Z","updateTime":"2026-04-28T00:50:37.294108Z","locationId":"us-central1","type":"FIRESTORE_NATIVE","concurrencyMode":"PESSIMISTIC","versionRetentionPeriod":"3600s","earliestVersionTime":"2026-09-20T03:56:35.343640Z","appEngineIntegrationMode":"DISABLED","pointInTimeRecoveryEnablement":"POINT_IN_TIME_RECOVERY_DISABLED","deleteProtectionState":"DELETE_PROTECTION_DISABLED","databaseEdition":"STANDARD","freeTier":true,"realtimeUpdatesMode":"REALTIME_UPDATES_MODE_ENABLED","enhancedTextSearchQueryMode":"ENHANCED_QUERY_MODE_ENABLED","etag":"INfE76mv/JYDMKGNpIm7j5QD"}
[info] i  firestore: reading indexes from firestore.indexes.json... 
[info] i  cloud.firestore: checking firestore.rules for compilation errors... 
[debug] [2026-09-20T04:56:35.327Z] Checked if tokens are valid: true, expires at: 1789883793912
[debug] [2026-09-20T04:56:35.327Z] Checked if tokens are valid: true, expires at: 1789883793912
[debug] [2026-09-20T04:56:35.327Z] >>> [apiv2][query] POST https://firebaserules.googleapis.com/v1/projects/rant-and-heal:test [none]
[debug] [2026-09-20T04:56:35.327Z] >>> [apiv2][body] POST https://firebaserules.googleapis.com/v1/projects/rant-and-heal:test [omitted]
[debug] [2026-09-20T04:56:35.708Z] <<< [apiv2][status] POST https://firebaserules.googleapis.com/v1/projects/rant-and-heal:test 200
[debug] [2026-09-20T04:56:35.709Z] <<< [apiv2][body] POST https://firebaserules.googleapis.com/v1/projects/rant-and-heal:test {}
[info] ✔  cloud.firestore: rules file firestore.rules compiled successfully 
[debug] [2026-09-20T04:56:35.710Z] Checked if tokens are valid: true, expires at: 1789883793912
[debug] [2026-09-20T04:56:35.710Z] Checked if tokens are valid: true, expires at: 1789883793912
[debug] [2026-09-20T04:56:35.711Z] >>> [apiv2][query] GET https://firebaserules.googleapis.com/v1/projects/rant-and-heal/releases pageSize=10&pageToken=
[debug] [2026-09-20T04:56:35.774Z] <<< [apiv2][status] GET https://firebaserules.googleapis.com/v1/projects/rant-and-heal/releases 200
[debug] [2026-09-20T04:56:35.774Z] <<< [apiv2][body] GET https://firebaserules.googleapis.com/v1/projects/rant-and-heal/releases {"releases":[{"name":"projects/rant-and-heal/releases/cloud.firestore","rulesetName":"projects/rant-and-heal/rulesets/7bba1813-4249-4691-aaaa-ffb120a8c02d","createTime":"2026-04-28T00:50:37.536106Z","updateTime":"2026-09-20T02:19:40.956535Z"}]}
[debug] [2026-09-20T04:56:35.774Z] Checked if tokens are valid: true, expires at: 1789883793912
[debug] [2026-09-20T04:56:35.774Z] Checked if tokens are valid: true, expires at: 1789883793912
[debug] [2026-09-20T04:56:35.775Z] >>> [apiv2][query] GET https://firebaserules.googleapis.com/v1/projects/rant-and-heal/rulesets/7bba1813-4249-4691-aaaa-ffb120a8c02d [none]
[debug] [2026-09-20T04:56:35.844Z] <<< [apiv2][status] GET https://firebaserules.googleapis.com/v1/projects/rant-and-heal/rulesets/7bba1813-4249-4691-aaaa-ffb120a8c02d 200
[debug] [2026-09-20T04:56:35.844Z] <<< [apiv2][body] GET https://firebaserules.googleapis.com/v1/projects/rant-and-heal/rulesets/7bba1813-4249-4691-aaaa-ffb120a8c02d [omitted]
[info] i  firestore: latest version of firestore.rules already up to date, skipping upload... 
[debug] [2026-09-20T04:56:35.845Z] [rules] releasing cloud.firestore with ruleset projects/rant-and-heal/rulesets/7bba1813-4249-4691-aaaa-ffb120a8c02d
[debug] [2026-09-20T04:56:35.845Z] Checked if tokens are valid: true, expires at: 1789883793912
[debug] [2026-09-20T04:56:35.846Z] Checked if tokens are valid: true, expires at: 1789883793912
[debug] [2026-09-20T04:56:35.846Z] >>> [apiv2][query] PATCH https://firebaserules.googleapis.com/v1/projects/rant-and-heal/releases/cloud.firestore [none]
[debug] [2026-09-20T04:56:35.846Z] >>> [apiv2][body] PATCH https://firebaserules.googleapis.com/v1/projects/rant-and-heal/releases/cloud.firestore {"release":{"name":"projects/rant-and-heal/releases/cloud.firestore","rulesetName":"projects/rant-and-heal/rulesets/7bba1813-4249-4691-aaaa-ffb120a8c02d"}}
[debug] [2026-09-20T04:56:36.041Z] <<< [apiv2][status] PATCH https://firebaserules.googleapis.com/v1/projects/rant-and-heal/releases/cloud.firestore 200
[debug] [2026-09-20T04:56:36.041Z] <<< [apiv2][body] PATCH https://firebaserules.googleapis.com/v1/projects/rant-and-heal/releases/cloud.firestore {"name":"projects/rant-and-heal/releases/cloud.firestore","rulesetName":"projects/rant-and-heal/rulesets/7bba1813-4249-4691-aaaa-ffb120a8c02d","createTime":"2026-04-28T00:50:37.536106Z","updateTime":"2026-09-20T04:56:36.060508Z"}
[debug] [2026-09-20T04:56:36.041Z] [rules] updated release projects/rant-and-heal/releases/cloud.firestore
[info] ✔  firestore: released rules firestore.rules to cloud.firestore 
[info] 
[info] ✔  Deploy complete! 
[info] 
[info] Project Console: https://console.firebase.google.com/project/rant-and-heal/overview
